../Core/Src/main.c:98:6:storeMessage	24	static
../Core/Src/main.c:107:12:findMessage	24	static
../Core/Src/main.c:114:6:processMessage	248	static
../Core/Src/main.c:174:6:HAL_UARTEx_RxEventCallback	96	static
../Core/Src/main.c:206:5:main	72	static
../Core/Src/main.c:262:6:SystemClock_Config	72	static
../Core/Src/main.c:302:13:MX_USART1_UART_Init	8	static
../Core/Src/main.c:335:13:MX_USART2_UART_Init	8	static
../Core/Src/main.c:368:13:MX_USART3_UART_Init	8	static
../Core/Src/main.c:399:13:MX_DMA_Init	16	static
../Core/Src/main.c:432:13:MX_GPIO_Init	40	static
../Core/Src/main.c:469:6:Error_Handler	4	static,ignoring_inline_asm
