../Core/Src/main.c:93:6:uart1_debug	16	static
../Core/Src/main.c:97:6:uart1_debugf	144	static
../Core/Src/main.c:108:6:storeMessage	24	static
../Core/Src/main.c:117:12:findMessage	24	static
../Core/Src/main.c:124:6:handleUART	32	static
../Core/Src/main.c:153:5:main	16	static
../Core/Src/main.c:205:6:SystemClock_Config	72	static
../Core/Src/main.c:242:13:MX_USART1_UART_Init	8	static
../Core/Src/main.c:275:13:MX_USART2_UART_Init	8	static
../Core/Src/main.c:308:13:MX_USART3_UART_Init	8	static
../Core/Src/main.c:341:13:MX_GPIO_Init	40	static
../Core/Src/main.c:378:6:Error_Handler	4	static,ignoring_inline_asm
